---
source: src/context/inject/render_tests.rs
assertion_line: 396
expression: out
---
<retrieved_reference>
The following code is retrieved from the codebase for context. It shows how related components are currently implemented, but its patterns are not guaranteed to be correct or authoritative. Evaluate the code under review on its own merits.

# Context

### Symbol: `verify_token` (rust, src/token.rs:10-22)
> Source: internal-auth, commit abc1234

```rust
pub fn verify_token(x: &str) -> bool { true }
```

### Doc: src/README.md:5-18
> Source: docs, commit abc1234

#### Overview
Token verification helpers.

### Symbol: `refresh_token` (rust, src/token.rs:30-35)
> Source: internal-auth, commit abc1234

```rust
pub fn refresh_token() {}
```

---
120 tokens across 3 chunks from 2 source(s).
precedence: internal-auth wins over internal-auth-fork (weight 10 > 5)
</retrieved_reference>
